ERROR ~ Error executing process > 'SAMTOOLS_INDEX'

Caused by:
  Process `SAMTOOLS_INDEX` terminated with an error exit status (127)


Command executed:

  samtools index 'reads_father.bam'

Command exit status:
  127

Command output:
  (empty)

Command error:
  .command.sh: line 2: samtools: command not found

Work dir:
  /workspaces/training/.nf-test/tests/85cb9ee60dc18d5a858e4c5fd22d744e/work/07/fc284613a57feb3ea8a28179b94327

Tip: view the complete command output by changing to the process work dir and entering the command `cat .command.out`

 -- Check '/workspaces/training/.nf-test/tests/85cb9ee60dc18d5a858e4c5fd22d744e/meta/nextflow.log' file for details
